{"at":"2026-09-12T21:50:11.315Z","case":"reopen-before-image-snapshot","kind":"identity","project":"Middle Property","source_sha":"8bd0e3d7a223db392e55c5f2533451bff716a464","mode":"mock-only","real_leads":false,"paid_traffic":false,"google_ads":false}
{"at":"2026-09-12T21:50:12.788Z","case":"reopen-before-image-snapshot","kind":"before-save","gallery":1,"previewCount":4}
{"at":"2026-09-12T21:50:13.820Z","case":"reopen-before-image-snapshot","kind":"http","method":"POST","path":"/api/pilot/session","status":200}
{"at":"2026-09-12T21:50:13.903Z","case":"reopen-before-image-snapshot","kind":"http","method":"GET","path":"/api/pilot/draft","status":200}
{"at":"2026-09-12T21:50:13.910Z","case":"reopen-before-image-snapshot","kind":"save-paused","reopenEnabled":true,"puts":0}
{"at":"2026-09-12T21:50:13.954Z","case":"reopen-before-image-snapshot","kind":"http","method":"GET","path":"/api/pilot/draft","status":200}
{"at":"2026-09-12T21:50:13.979Z","case":"reopen-before-image-snapshot","kind":"reopen-cleared-preview","gallery":0,"puts":0}
{"at":"2026-09-12T21:50:14.015Z","case":"reopen-before-image-snapshot","kind":"http","method":"POST","path":"/api/pilot/events","status":200}
{"at":"2026-09-12T21:50:14.028Z","case":"reopen-before-image-snapshot","kind":"http","method":"POST","path":"/api/pilot/events","status":200}
{"at":"2026-09-12T21:50:14.047Z","case":"reopen-before-image-snapshot","kind":"http","method":"PATCH","path":"/api/pilot/draft","status":200}
{"at":"2026-09-12T21:50:14.066Z","case":"reopen-before-image-snapshot","kind":"http","method":"POST","path":"/api/pilot/leads","status":201}
{"at":"2026-09-12T21:50:14.110Z","case":"reopen-before-image-snapshot","kind":"result","lead_id":"MP-8e7c90f3-44f9-4f4e-bb45-ac06e973b055","puts":0,"persisted_images":0,"persisted_lead":"MP-8e7c90f3-44f9-4f4e-bb45-ac06e973b055","rendered_gallery_sections":0}
{"at":"2026-09-12T21:50:14.926Z","case":"reopen-before-image-snapshot","kind":"http","method":"GET","path":"/api/pilot/draft","status":200}
{"at":"2026-09-12T21:50:15.151Z","case":"reopen-before-image-snapshot","kind":"http","method":"POST","path":"/api/pilot/events","status":200}
{"at":"2026-09-12T21:50:15.175Z","case":"reopen-before-image-snapshot","kind":"after-reload","lead_id":"MP-8e7c90f3-44f9-4f4e-bb45-ac06e973b055","gallery":0,"image_text":[]}
{"at":"2026-09-12T21:50:16.351Z","case":"stale-reopen-after-save","kind":"identity","project":"Middle Property","source_sha":"8bd0e3d7a223db392e55c5f2533451bff716a464","mode":"mock-only","real_leads":false,"paid_traffic":false,"google_ads":false}
{"at":"2026-09-12T21:50:17.797Z","case":"stale-reopen-after-save","kind":"before-save","gallery":1,"previewCount":4}
{"at":"2026-09-12T21:50:18.523Z","case":"stale-reopen-after-save","kind":"http","method":"POST","path":"/api/pilot/session","status":200}
{"at":"2026-09-12T21:50:18.541Z","case":"stale-reopen-after-save","kind":"http","method":"GET","path":"/api/pilot/draft","status":200}
{"at":"2026-09-12T21:50:18.556Z","case":"stale-reopen-after-save","kind":"save-paused","reopenEnabled":true,"puts":0}
{"at":"2026-09-12T21:50:18.716Z","case":"stale-reopen-after-save","kind":"held-reopen-snapshot","images":0,"lead":null}
{"at":"2026-09-12T21:50:18.746Z","case":"stale-reopen-after-save","kind":"http","method":"POST","path":"/api/pilot/events","status":200}
{"at":"2026-09-12T21:50:18.762Z","case":"stale-reopen-after-save","kind":"http","method":"POST","path":"/api/pilot/events","status":200}
{"at":"2026-09-12T21:50:18.794Z","case":"stale-reopen-after-save","kind":"http","method":"PUT","path":"/api/pilot/images/fcf8e77b-017b-4bfd-bf30-899e8047dde5","status":201}
{"at":"2026-09-12T21:50:18.808Z","case":"stale-reopen-after-save","kind":"http","method":"PUT","path":"/api/pilot/images/948c8338-7073-4479-b8eb-eb4541f5c3f8","status":201}
{"at":"2026-09-12T21:50:18.826Z","case":"stale-reopen-after-save","kind":"http","method":"PUT","path":"/api/pilot/images/24f56098-cca8-4331-b236-62e8ed916846","status":201}
{"at":"2026-09-12T21:50:18.842Z","case":"stale-reopen-after-save","kind":"http","method":"PUT","path":"/api/pilot/images/76c90ba7-cb5c-4106-b3e9-fcf5111b0ad5","status":201}
{"at":"2026-09-12T21:50:18.858Z","case":"stale-reopen-after-save","kind":"http","method":"PATCH","path":"/api/pilot/draft","status":200}
{"at":"2026-09-12T21:50:18.943Z","case":"stale-reopen-after-save","kind":"http","method":"POST","path":"/api/pilot/leads","status":201}
{"at":"2026-09-12T21:50:18.970Z","case":"stale-reopen-after-save","kind":"saved-before-stale-response","lead_id":"MP-50f30419-0aa5-47d1-b10f-d973924e2d63","puts":4,"gallery":4}
{"at":"2026-09-12T21:50:18.980Z","case":"stale-reopen-after-save","kind":"http","method":"GET","path":"/api/pilot/draft","status":200}
{"at":"2026-09-12T21:50:19.014Z","case":"stale-reopen-after-save","kind":"result","lead_id":"MP-50f30419-0aa5-47d1-b10f-d973924e2d63","puts":4,"persisted_images":4,"persisted_lead":"MP-50f30419-0aa5-47d1-b10f-d973924e2d63","rendered_gallery_sections":0}
{"at":"2026-09-12T21:50:19.694Z","case":"stale-reopen-after-save","kind":"http","method":"GET","path":"/api/pilot/draft","status":200}
{"at":"2026-09-12T21:50:19.716Z","case":"stale-reopen-after-save","kind":"http","method":"GET","path":"/api/pilot/images/fcf8e77b-017b-4bfd-bf30-899e8047dde5","status":200}
{"at":"2026-09-12T21:50:19.726Z","case":"stale-reopen-after-save","kind":"http","method":"GET","path":"/api/pilot/images/948c8338-7073-4479-b8eb-eb4541f5c3f8","status":200}
{"at":"2026-09-12T21:50:19.782Z","case":"stale-reopen-after-save","kind":"http","method":"GET","path":"/api/pilot/images/24f56098-cca8-4331-b236-62e8ed916846","status":200}
{"at":"2026-09-12T21:50:19.791Z","case":"stale-reopen-after-save","kind":"http","method":"GET","path":"/api/pilot/images/76c90ba7-cb5c-4106-b3e9-fcf5111b0ad5","status":200}
{"at":"2026-09-12T21:50:19.815Z","case":"stale-reopen-after-save","kind":"http","method":"POST","path":"/api/pilot/events","status":200}
{"at":"2026-09-12T21:50:19.871Z","case":"stale-reopen-after-save","kind":"after-reload","lead_id":"MP-50f30419-0aa5-47d1-b10f-d973924e2d63","gallery":1,"image_text":["4 / 4 images"]}
