Command: pnpm test:integration
Source SHA: e49c7a9eaaf7c2f3109421e101d7595a0bc25fcd
Started: 2026-09-12T22:41:02.210Z
✔ validates levels and rejects malformed inventory (1.429137ms)
✔ persistent agent API enforces memberships, ownership, tier and photo access (554.222578ms)
✔ P0-07 forged identity headers deny every API identity boundary and private image access (343.404344ms)
✔ P0-07 signatures reject changed identity, URL, method, expiry and non-loopback origins (93.783282ms)
✔ P0-07 mock mode or an allowlist never substitutes for a valid server-only identity key (5.16147ms)
✔ P0-07 SSR identity is verified at Worker ingress and isolated across concurrent requests (799.718338ms)
✔ P0-07 signed outsider cannot promote raw headers; forged writes change no rows (18.965232ms)
✔ P0-01 normal submit commits one unique Lead ID, consent, attribution and correlated outbox (388.809079ms)
✔ P0-01 double click / concurrent retry yields exactly one lead and one notification (200.865823ms)
✔ P0-01 lost response and retry preserves Lead ID and does not duplicate (26.341225ms)
platform_request_failed { requestId: 'ce77f1e0-f2b2-471b-845d-b11cd87dce51', type: 'Error' }
✔ P0-01 injected notification/database failure rolls back all writes; retry succeeds once (20.762561ms)
✔ P0-01 invalid input, malformed JSON, wrong type, oversized body and hostile origin fail closed (97.101246ms)
✔ P0-02 no consent, false consent and wrong policy version cannot create a session or lead (99.802359ms)
✔ P0-03 four images persist, retry reuses upload ID, fifth/concurrent extras are rejected (88.424047ms)
✔ P0-03 reorder/removal persist and foreign images cannot be attached; no orphan reference (190.172794ms)
platform_request_failed { requestId: 'ea53f761-5d38-4e05-8387-4427a60ad07f', type: 'Error' }
✔ P0-03 invalid and interrupted uploads save no partial image and retry succeeds (86.36669ms)
✔ P0-04 authorized mock operator sees correlated record, qualifies and makes it viewing-ready (115.515202ms)
✔ P0-06 debug events retain first/last touch, reject arbitrary PII and prevent forged qualification (81.664633ms)
✔ P0-07 no real mode, no authorization default, private image/read tokens and legacy writes closed (342.440497ms)
✔ P0-01/P0-03 persistent SQLite survives process binding reopen with identical record and bytes (43.475967ms)
✔ P0-04 concurrent qualification retry never downgrades viewing-ready and records operator (62.716033ms)
✔ P0-02 lifecycle withdrawal atomically erases all content, preserves other leads and deduplicates retries (140.794745ms)
platform_request_failed { requestId: '216f434b-e3bc-4a00-a9d0-fd23ccaa0e7b', type: 'Error' }
✔ P0-02 erasure failure rolls back receipt and content; retry keeps original capability (47.789527ms)
✔ P0-07 erasure requires its own capability, same origin and mock mode; sweep requires operator (104.861311ms)
✔ P0-07 expired content is hidden from operator and capability; retention sweep erases only due content (82.176535ms)
✔ P0-07 erasure racing save, uploads and progression never leaves content or permits resurrection (57.706442ms)
✔ P0-07 writes authorized before erasure are rejected at SQL execution; mixed identity replays cannot recreate (39.738589ms)
platform_request_failed { requestId: '6c5eabfd-c936-4117-8c86-6925b510adbe', type: 'Error' }
platform_request_failed { requestId: '6a578bfb-d931-4f02-9e0a-3d29d4956d62', type: 'Error' }
✔ real Worker + SQLite: complete slice, authorization, concurrency and rollback (1438.556379ms)
✔ legacy lead form routes into the mock-only Middle Property consent journey (565.766813ms)
✔ validates rental, buyer and China agent referral briefs (5.006498ms)
✔ keeps lead reads private while accepting public inquiries (41.751769ms)
✔ protects import API and documents JSON/CSV ingestion (0.989086ms)
✔ validates protected pipeline progress updates (0.553232ms)
✔ tracks acquisition channels, import tools and multilingual reply scripts (2.087425ms)
✔ ships the D1 migrations for import and partner fields (2.823106ms)
✔ keeps public capture friendly to foreign referral leads (1.527834ms)
ℹ tests 36
ℹ suites 0
ℹ pass 36
ℹ fail 0
ℹ cancelled 0
ℹ skipped 0
ℹ todo 0
ℹ duration_ms 3029.569794

$ node --test tests/*.test.mjs

Exit code: 0
